// Jest Snapshot v1, https://goo.gl/fbAQLP

exports[`Job Details should correctly render extra details in JSON blob 1`] = `
<div
  data-testid="InfoPanel__details"
>
  <div
    class="header"
  >
    <h5>
      Job Definition
    </h5>
    <div
      class="settings base horizontal spacing16"
    >
      <div
        class="base"
      >
        <button
          aria-expanded="false"
          aria-haspopup="true"
          class="base base dropdown"
          data-testid="DropdownButton__button"
          type="button"
        >
          <div
            class="base horizontal justifyCenter alignCenter spacing8"
          >
            <span
              class="children"
            >
              <div
                class="base plum"
              >
                <svg-mock />
              </div>
            </span>
          </div>
        </button>
        <div
          aria-hidden="true"
          class="base right"
          role="menu"
        >
          <button
            class="base"
            data-testid="DropdownMenuItem__button"
            role="menuitem"
            tabindex="-1"
            type="button"
          >
            <div
              class="base horizontal alignCenter"
            >
              <div>
                Copy
              </div>
            </div>
          </button>
          <button
            class="base"
            data-testid="DropdownMenuItem__button"
            role="menuitem"
            tabindex="-1"
            type="button"
          >
            <div
              class="base horizontal alignCenter"
            >
              <div>
                Download JSON
              </div>
            </div>
          </button>
          <button
            class="base"
            data-testid="DropdownMenuItem__button"
            role="menuitem"
            tabindex="-1"
            type="button"
          >
            <div
              class="base horizontal alignCenter"
            >
              <div>
                Download YAML
              </div>
            </div>
          </button>
        </div>
      </div>
    </div>
  </div>
  <div
    class="codeBody"
  >
    <div
      class="codeSection"
    >
      <div>
        <div
          class="code language-yaml depth0 hljs"
        />
        <div
          class="header"
        >
          <div
            class="base chevron black small"
          >
            <svg-mock />
          </div>
          <div
            class="code language-yaml depth0 hljs"
          >
            <span
              class="hljs-attr"
            >
              input:
            </span>
          </div>
        </div>
        <div
          class=""
        >
          <div
            class="codeSection"
          >
            <div>
              <div
                class="code language-yaml depth1 hljs"
              >
                <span
                  class="hljs-attr"
                >
                  join:
                </span>
                 []

                <span
                  class="hljs-attr"
                >
                  group:
                </span>
                 []

              </div>
              <div
                class="header"
              >
                <div
                  class="base chevron black small"
                >
                  <svg-mock />
                </div>
                <div
                  class="code language-yaml depth1 hljs"
                >
                  <span
                    class="hljs-attr"
                  >
                    cross:
                  </span>
                </div>
              </div>
              <div
                class=""
              >
                <div
                  class="codeSection"
                >
                  <div
                    class="code language-yaml depth2 hljs"
                  >
                    <span
                      class="hljs-bullet"
                    >
                      -
                    </span>
                     
                    <span
                      class="hljs-attr"
                    >
                      pfs:
                    </span>
                    
    
                    <span
                      class="hljs-attr"
                    >
                      name:
                    </span>
                     
                    <span
                      class="hljs-string"
                    >
                      edges
                    </span>
                    
    
                    <span
                      class="hljs-attr"
                    >
                      repo:
                    </span>
                     
                    <span
                      class="hljs-string"
                    >
                      edges
                    </span>
                    
    
                    <span
                      class="hljs-attr"
                    >
                      repoType:
                    </span>
                     
                    <span
                      class="hljs-string"
                    >
                      ''
                    </span>
                    
    
                    <span
                      class="hljs-attr"
                    >
                      branch:
                    </span>
                     
                    <span
                      class="hljs-string"
                    >
                      master
                    </span>
                    
    
                    <span
                      class="hljs-attr"
                    >
                      commit:
                    </span>
                     
                    <span
                      class="hljs-string"
                    >
                      ''
                    </span>
                    
    
                    <span
                      class="hljs-attr"
                    >
                      glob:
                    </span>
                     
                    <span
                      class="hljs-string"
                    >
                      ''
                    </span>
                    
    
                    <span
                      class="hljs-attr"
                    >
                      joinOn:
                    </span>
                     
                    <span
                      class="hljs-string"
                    >
                      ''
                    </span>
                    
    
                    <span
                      class="hljs-attr"
                    >
                      outerJoin:
                    </span>
                     
                    <span
                      class="hljs-literal"
                    >
                      false
                    </span>
                    
    
                    <span
                      class="hljs-attr"
                    >
                      groupBy:
                    </span>
                     
                    <span
                      class="hljs-string"
                    >
                      ''
                    </span>
                    
    
                    <span
                      class="hljs-attr"
                    >
                      lazy:
                    </span>
                     
                    <span
                      class="hljs-literal"
                    >
                      false
                    </span>
                    
    
                    <span
                      class="hljs-attr"
                    >
                      emptyFiles:
                    </span>
                     
                    <span
                      class="hljs-literal"
                    >
                      false
                    </span>
                    
    
                    <span
                      class="hljs-attr"
                    >
                      s3:
                    </span>
                     
                    <span
                      class="hljs-literal"
                    >
                      false
                    </span>
                    
  
                    <span
                      class="hljs-attr"
                    >
                      join:
                    </span>
                     []
  
                    <span
                      class="hljs-attr"
                    >
                      group:
                    </span>
                     []
  
                    <span
                      class="hljs-attr"
                    >
                      cross:
                    </span>
                     []
  
                    <span
                      class="hljs-attr"
                    >
                      union:
                    </span>
                     []

                    <span
                      class="hljs-bullet"
                    >
                      -
                    </span>
                     
                    <span
                      class="hljs-attr"
                    >
                      pfs:
                    </span>
                    
    
                    <span
                      class="hljs-attr"
                    >
                      name:
                    </span>
                     
                    <span
                      class="hljs-string"
                    >
                      images
                    </span>
                    
    
                    <span
                      class="hljs-attr"
                    >
                      repo:
                    </span>
                     
                    <span
                      class="hljs-string"
                    >
                      images
                    </span>
                    
    
                    <span
                      class="hljs-attr"
                    >
                      repoType:
                    </span>
                     
                    <span
                      class="hljs-string"
                    >
                      ''
                    </span>
                    
    
                    <span
                      class="hljs-attr"
                    >
                      branch:
                    </span>
                     
                    <span
                      class="hljs-string"
                    >
                      master
                    </span>
                    
    
                    <span
                      class="hljs-attr"
                    >
                      commit:
                    </span>
                     
                    <span
                      class="hljs-string"
                    >
                      ''
                    </span>
                    
    
                    <span
                      class="hljs-attr"
                    >
                      glob:
                    </span>
                     
                    <span
                      class="hljs-string"
                    >
                      ''
                    </span>
                    
    
                    <span
                      class="hljs-attr"
                    >
                      joinOn:
                    </span>
                     
                    <span
                      class="hljs-string"
                    >
                      ''
                    </span>
                    
    
                    <span
                      class="hljs-attr"
                    >
                      outerJoin:
                    </span>
                     
                    <span
                      class="hljs-literal"
                    >
                      false
                    </span>
                    
    
                    <span
                      class="hljs-attr"
                    >
                      groupBy:
                    </span>
                     
                    <span
                      class="hljs-string"
                    >
                      ''
                    </span>
                    
    
                    <span
                      class="hljs-attr"
                    >
                      lazy:
                    </span>
                     
                    <span
                      class="hljs-literal"
                    >
                      false
                    </span>
                    
    
                    <span
                      class="hljs-attr"
                    >
                      emptyFiles:
                    </span>
                     
                    <span
                      class="hljs-literal"
                    >
                      false
                    </span>
                    
    
                    <span
                      class="hljs-attr"
                    >
                      s3:
                    </span>
                     
                    <span
                      class="hljs-literal"
                    >
                      false
                    </span>
                    
  
                    <span
                      class="hljs-attr"
                    >
                      join:
                    </span>
                     []
  
                    <span
                      class="hljs-attr"
                    >
                      group:
                    </span>
                     []
  
                    <span
                      class="hljs-attr"
                    >
                      cross:
                    </span>
                     []
  
                    <span
                      class="hljs-attr"
                    >
                      union:
                    </span>
                     []

                  </div>
                </div>
              </div>
            </div>
            <div
              class="code language-yaml depth1 hljs"
            >
              <span
                class="hljs-attr"
              >
                union:
              </span>
               []

            </div>
          </div>
        </div>
      </div>
      <div>
        <div
          class="code language-yaml depth0 hljs"
        >
          <span
            class="hljs-attr"
          >
            transform:
          </span>
           {}

        </div>
        <div
          class="header"
        >
          <div
            class="base chevron black small"
          >
            <svg-mock />
          </div>
          <div
            class="code language-yaml depth0 hljs"
          >
            <span
              class="hljs-attr"
            >
              details:
            </span>
          </div>
        </div>
        <div
          class=""
        >
          <div
            class="codeSection"
          >
            <div>
              <div
                class="code language-yaml depth1 hljs"
              >
                <span
                  class="hljs-attr"
                >
                  pipelineVersion:
                </span>
                 
                <span
                  class="hljs-number"
                >
                  1
                </span>
                

                <span
                  class="hljs-attr"
                >
                  dataTotal:
                </span>
                 
                <span
                  class="hljs-number"
                >
                  5
                </span>
                

                <span
                  class="hljs-attr"
                >
                  dataFailed:
                </span>
                 
                <span
                  class="hljs-number"
                >
                  4
                </span>
                

              </div>
              <div
                class="header"
              >
                <div
                  class="base chevron black small"
                >
                  <svg-mock />
                </div>
                <div
                  class="code language-yaml depth1 hljs"
                >
                  <span
                    class="hljs-attr"
                  >
                    stats:
                  </span>
                </div>
              </div>
              <div
                class=""
              >
                <div
                  class="codeSection"
                >
                  <div>
                    <div
                      class="code language-yaml depth2 hljs"
                    />
                    <div
                      class="header"
                    >
                      <div
                        class="base chevron black small"
                      >
                        <svg-mock />
                      </div>
                      <div
                        class="code language-yaml depth2 hljs"
                      >
                        <span
                          class="hljs-attr"
                        >
                          downloadTime:
                        </span>
                      </div>
                    </div>
                    <div
                      class=""
                    >
                      <div
                        class="codeSection"
                      >
                        <div
                          class="code language-yaml depth3 hljs"
                        >
                          <span
                            class="hljs-attr"
                          >
                            seconds:
                          </span>
                           
                          <span
                            class="hljs-number"
                          >
                            10
                          </span>
                          

                          <span
                            class="hljs-attr"
                          >
                            nanos:
                          </span>
                           
                          <span
                            class="hljs-number"
                          >
                            269391100
                          </span>
                          

                        </div>
                      </div>
                    </div>
                  </div>
                  <div>
                    <div
                      class="code language-yaml depth2 hljs"
                    />
                    <div
                      class="header"
                    >
                      <div
                        class="base chevron black small"
                      >
                        <svg-mock />
                      </div>
                      <div
                        class="code language-yaml depth2 hljs"
                      >
                        <span
                          class="hljs-attr"
                        >
                          processTime:
                        </span>
                      </div>
                    </div>
                    <div
                      class=""
                    >
                      <div
                        class="codeSection"
                      >
                        <div
                          class="code language-yaml depth3 hljs"
                        >
                          <span
                            class="hljs-attr"
                          >
                            seconds:
                          </span>
                           
                          <span
                            class="hljs-number"
                          >
                            20
                          </span>
                          

                          <span
                            class="hljs-attr"
                          >
                            nanos:
                          </span>
                           
                          <span
                            class="hljs-number"
                          >
                            589999999
                          </span>
                          

                        </div>
                      </div>
                    </div>
                  </div>
                  <div>
                    <div
                      class="code language-yaml depth2 hljs"
                    />
                    <div
                      class="header"
                    >
                      <div
                        class="base chevron black small"
                      >
                        <svg-mock />
                      </div>
                      <div
                        class="code language-yaml depth2 hljs"
                      >
                        <span
                          class="hljs-attr"
                        >
                          uploadTime:
                        </span>
                      </div>
                    </div>
                    <div
                      class=""
                    >
                      <div
                        class="codeSection"
                      >
                        <div
                          class="code language-yaml depth3 hljs"
                        >
                          <span
                            class="hljs-attr"
                          >
                            seconds:
                          </span>
                           
                          <span
                            class="hljs-number"
                          >
                            30
                          </span>
                          

                          <span
                            class="hljs-attr"
                          >
                            nanos:
                          </span>
                           
                          <span
                            class="hljs-number"
                          >
                            231186700
                          </span>
                          

                        </div>
                      </div>
                    </div>
                  </div>
                  <div
                    class="code language-yaml depth2 hljs"
                  >
                    <span
                      class="hljs-attr"
                    >
                      downloadBytes:
                    </span>
                     
                    <span
                      class="hljs-number"
                    >
                      2896
                    </span>
                    

                  </div>
                </div>
              </div>
            </div>
            <div
              class="code language-yaml depth1 hljs"
            >
              <span
                class="hljs-attr"
              >
                salt:
              </span>
               
              <span
                class="hljs-string"
              >
                d5631d7df40d4b1195bc46f1f146d6a5
              </span>
              

              <span
                class="hljs-attr"
              >
                datumTries:
              </span>
               
              <span
                class="hljs-number"
              >
                3
              </span>
              

            </div>
          </div>
        </div>
      </div>
      <div
        class="code language-yaml depth0 hljs"
      />
    </div>
  </div>
</div>
`;

exports[`Job Details should display job durations 1`] = `
<div
  class="runtimeDetails"
  data-testid="InfoPanel__durationDetails"
>
  <div
    class="runtimeDetail"
  >
    <div>
      <div
        class="duration"
      >
        58 seconds
      </div>
    </div>
    <div>
      <div
        class="metricLabel"
      >
        Setup
      </div>
    </div>
  </div>
  <div
    class="runtimeDetail"
  >
    <div>
      <div
        class="duration"
      >
        10.27 seconds
      </div>
      <span
        class="captionTextSmall bytes"
      >
        2.9 kB
      </span>
    </div>
    <div>
      <div
        class="metricLabel"
      >
        Download
      </div>
    </div>
  </div>
  <div
    class="runtimeDetail"
  >
    <div>
      <div
        class="duration"
      >
        20.59 seconds
      </div>
    </div>
    <div>
      <div
        class="metricLabel"
      >
        Processing
      </div>
    </div>
  </div>
  <div
    class="runtimeDetail"
  >
    <div>
      <div
        class="duration"
      >
        30.23 seconds
      </div>
    </div>
    <div>
      <div
        class="metricLabel"
      >
        Upload
      </div>
    </div>
  </div>
</div>
`;
