// Jest Snapshot v1, https://goo.gl/fbAQLP

exports[`Job Details should correctly render extra details in JSON blob 1`] = `
<dd
  class="description"
  data-testid="InfoPanel__details"
>
  <pre
    class="base base"
  >
    {
  "pipelineVersion": 1,
  "dataTotal": 5,
  "dataFailed": 4,
  "stats": {
    "downloadTime": {
      "seconds": 10,
      "nanos": 269391100
    },
    "processTime": {
      "seconds": 20,
      "nanos": 531186700
    },
    "uploadTime": {
      "seconds": 30,
      "nanos": 231186700
    },
    "downloadBytes": 2896
  },
  "salt": "d5631d7df40d4b1195bc46f1f146d6a5",
  "datumTries": 3
}
  </pre>
</dd>
`;
